  console.log
    Loaded 0 tasks from storage

      at TaskRepository.log [as _loadTasksFromStorage] (src/repositories/TaskRepository.js:364:21)

  console.log
    Loaded 0 users from storage

      at UserRepository.log [as _loadUsersFromStorage] (src/repositories/UserRepository.js:236:21)

  console.log
    Loaded 0 tasks from storage

      at TaskRepository.log [as _loadTasksFromStorage] (src/repositories/TaskRepository.js:364:21)

  console.log
    Loaded 0 users from storage

      at UserRepository.log [as _loadUsersFromStorage] (src/repositories/UserRepository.js:236:21)

  console.log
    Loaded 0 tasks from storage

      at TaskRepository.log [as _loadTasksFromStorage] (src/repositories/TaskRepository.js:364:21)

  console.log
    Loaded 0 users from storage

      at UserRepository.log [as _loadUsersFromStorage] (src/repositories/UserRepository.js:236:21)

  console.log
    Loaded 0 tasks from storage

      at TaskRepository.log [as _loadTasksFromStorage] (src/repositories/TaskRepository.js:364:21)

  console.log
    Loaded 0 users from storage

      at UserRepository.log [as _loadUsersFromStorage] (src/repositories/UserRepository.js:236:21)

  console.log
    Loaded 0 tasks from storage

      at TaskRepository.log [as _loadTasksFromStorage] (src/repositories/TaskRepository.js:364:21)

  console.log
    Loaded 0 users from storage

      at UserRepository.log [as _loadUsersFromStorage] (src/repositories/UserRepository.js:236:21)

  console.log
    Loaded 0 tasks from storage

      at TaskRepository.log [as _loadTasksFromStorage] (src/repositories/TaskRepository.js:364:21)

  console.log
    Loaded 0 users from storage

      at UserRepository.log [as _loadUsersFromStorage] (src/repositories/UserRepository.js:236:21)

  console.log
    Loaded 0 tasks from storage

      at TaskRepository.log [as _loadTasksFromStorage] (src/repositories/TaskRepository.js:364:21)

  console.log
    Loaded 0 users from storage

      at UserRepository.log [as _loadUsersFromStorage] (src/repositories/UserRepository.js:236:21)

  console.log
    Loaded 0 tasks from storage

      at TaskRepository.log [as _loadTasksFromStorage] (src/repositories/TaskRepository.js:364:21)

  console.log
    Loaded 0 users from storage

      at UserRepository.log [as _loadUsersFromStorage] (src/repositories/UserRepository.js:236:21)

  console.log
    Loaded 0 tasks from storage

      at TaskRepository.log [as _loadTasksFromStorage] (src/repositories/TaskRepository.js:364:21)

  console.log
    Loaded 0 users from storage

      at UserRepository.log [as _loadUsersFromStorage] (src/repositories/UserRepository.js:236:21)

  console.log
    Loaded 0 tasks from storage

      at TaskRepository.log [as _loadTasksFromStorage] (src/repositories/TaskRepository.js:364:21)

  console.log
    Loaded 0 users from storage

      at UserRepository.log [as _loadUsersFromStorage] (src/repositories/UserRepository.js:236:21)

  console.log
    Loaded 0 tasks from storage

      at TaskRepository.log [as _loadTasksFromStorage] (src/repositories/TaskRepository.js:364:21)

  console.log
    Loaded 0 users from storage

      at UserRepository.log [as _loadUsersFromStorage] (src/repositories/UserRepository.js:236:21)

  console.log
    Loaded 0 tasks from storage

      at TaskRepository.log [as _loadTasksFromStorage] (src/repositories/TaskRepository.js:364:21)

  console.log
    Loaded 0 users from storage

      at UserRepository.log [as _loadUsersFromStorage] (src/repositories/UserRepository.js:236:21)

  console.log
    Loaded 0 tasks from storage

      at TaskRepository.log [as _loadTasksFromStorage] (src/repositories/TaskRepository.js:364:21)

  console.log
    Loaded 0 users from storage

      at UserRepository.log [as _loadUsersFromStorage] (src/repositories/UserRepository.js:236:21)

  console.log
    Loaded 0 tasks from storage

      at TaskRepository.log [as _loadTasksFromStorage] (src/repositories/TaskRepository.js:364:21)

  console.log
    Loaded 0 users from storage

      at UserRepository.log [as _loadUsersFromStorage] (src/repositories/UserRepository.js:236:21)

  console.log
    Loaded 0 tasks from storage

      at TaskRepository.log [as _loadTasksFromStorage] (src/repositories/TaskRepository.js:364:21)

  console.log
    Loaded 0 users from storage

      at UserRepository.log [as _loadUsersFromStorage] (src/repositories/UserRepository.js:236:21)

  console.log
    Loaded 0 tasks from storage

      at TaskRepository.log [as _loadTasksFromStorage] (src/repositories/TaskRepository.js:364:21)

  console.log
    Loaded 0 users from storage

      at UserRepository.log [as _loadUsersFromStorage] (src/repositories/UserRepository.js:236:21)

  console.log
    Loaded 0 tasks from storage

      at TaskRepository.log [as _loadTasksFromStorage] (src/repositories/TaskRepository.js:364:21)

  console.log
    Loaded 0 users from storage

      at UserRepository.log [as _loadUsersFromStorage] (src/repositories/UserRepository.js:236:21)

  console.log
    Loaded 0 tasks from storage

      at TaskRepository.log [as _loadTasksFromStorage] (src/repositories/TaskRepository.js:364:21)

  console.log
    Loaded 0 users from storage

      at UserRepository.log [as _loadUsersFromStorage] (src/repositories/UserRepository.js:236:21)

  console.log
    Loaded 0 tasks from storage

      at TaskRepository.log [as _loadTasksFromStorage] (src/repositories/TaskRepository.js:364:21)

  console.log
    Loaded 0 users from storage

      at UserRepository.log [as _loadUsersFromStorage] (src/repositories/UserRepository.js:236:21)

PASS tests/controllers/TaskController.test.js
  TaskController
    Task Creation
      √ should create task successfully (78 ms)
      √ should fail when user not logged in (10 ms)
      √ should fail when title is empty (4 ms)
      √ should fail when assignee does not exist (3 ms)
    Task Retrieval
      √ should get all user tasks (8 ms)
      √ should get task by ID (5 ms)
      √ should fail to get non-existent task (19 ms)
      √ should filter tasks by status (9 ms)
    Task Updates
      √ should update task successfully (8 ms)
      √ should fail to update non-existent task (10 ms)
      √ should toggle task status (3 ms)
    Task Deletion
      √ should delete task successfully (8 ms)
      √ should fail to delete non-existent task (4 ms)
    Task Search and Statistics
      √ should search tasks (10 ms)
      √ should fail search with empty query (5 ms)
      √ should get task statistics (3 ms)
    Permission Testing
      √ should not allow access to other user task (3 ms)
      √ should not allow updating other user task (7 ms)
      √ should not allow deleting other user task (3 ms)

PASS tests/models/User.test.js
  User Model
    User Creation
      √ should create user with valid data (21 ms)
      √ should throw error when username is empty (54 ms)
      √ should throw error when email is invalid (2 ms)
      √ should generate unique ID for each user (5 ms)
    User Methods
      √ should update profile successfully (1 ms)
      √ should record login time (2 ms)
      √ should deactivate user
      √ should activate user (1 ms)
    User Serialization
      √ should convert to JSON correctly (17 ms)
      √ should create user from JSON correctly (1 ms)

  console.log
    Loaded 0 users from storage

      at UserRepository.log [as _loadUsersFromStorage] (src/repositories/UserRepository.js:236:21)

  console.log
    Loaded 0 users from storage

      at UserRepository.log [as _loadUsersFromStorage] (src/repositories/UserRepository.js:236:21)

  console.error
    Error creating user: Error: Username 'testuser' sudah digunakan
        at UserRepository.create (C:\Users\NJB Project Dev\Downloads\starter-project\starter-project\src\repositories\UserRepository.js:22:23)
        at create (C:\Users\NJB Project Dev\Downloads\starter-project\starter-project\tests\repositories\UserRepository.test.js:41:32)
        at Object.<anonymous> (C:\Users\NJB Project Dev\Downloads\starter-project\starter-project\node_modules\expect\build\toThrowMatchers.js:74:11)
        at Object.throwingMatcher [as toThrow] (C:\Users\NJB Project Dev\Downloads\starter-project\starter-project\node_modules\expect\build\index.js:320:21)
        at Object.toThrow (C:\Users\NJB Project Dev\Downloads\starter-project\starter-project\tests\repositories\UserRepository.test.js:42:16)
        at Promise.then.completed (C:\Users\NJB Project Dev\Downloads\starter-project\starter-project\node_modules\jest-circus\build\utils.js:298:28)
        at new Promise (<anonymous>)
        at callAsyncCircusFn (C:\Users\NJB Project Dev\Downloads\starter-project\starter-project\node_modules\jest-circus\build\utils.js:231:10)
        at _callCircusTest (C:\Users\NJB Project Dev\Downloads\starter-project\starter-project\node_modules\jest-circus\build\run.js:316:40)
        at _runTest (C:\Users\NJB Project Dev\Downloads\starter-project\starter-project\node_modules\jest-circus\build\run.js:252:3)
        at _runTestsForDescribeBlock (C:\Users\NJB Project Dev\Downloads\starter-project\starter-project\node_modules\jest-circus\build\run.js:126:9)
        at _runTestsForDescribeBlock (C:\Users\NJB Project Dev\Downloads\starter-project\starter-project\node_modules\jest-circus\build\run.js:121:9)
        at _runTestsForDescribeBlock (C:\Users\NJB Project Dev\Downloads\starter-project\starter-project\node_modules\jest-circus\build\run.js:121:9)
        at run (C:\Users\NJB Project Dev\Downloads\starter-project\starter-project\node_modules\jest-circus\build\run.js:71:3)
        at runAndTransformResultsToJestFormat (C:\Users\NJB Project Dev\Downloads\starter-project\starter-project\node_modules\jest-circus\build\legacy-code-todo-rewrite\jestAdapterInit.js:122:21)
        at jestAdapter (C:\Users\NJB Project Dev\Downloads\starter-project\starter-project\node_modules\jest-circus\build\legacy-code-todo-rewrite\jestAdapter.js:79:19)
        at runTestInternal (C:\Users\NJB Project Dev\Downloads\starter-project\starter-project\node_modules\jest-runner\build\runTest.js:367:16)
        at runTest (C:\Users\NJB Project Dev\Downloads\starter-project\starter-project\node_modules\jest-runner\build\runTest.js:444:34)

    [0m [90m 39 |[39m             [36mreturn[39m user[33m;[39m
     [90m 40 |[39m         } [36mcatch[39m (error) {
    [31m[1m>[22m[39m[90m 41 |[39m             console[33m.[39merror([32m'Error creating user:'[39m[33m,[39m error)[33m;[39m
     [90m    |[39m                     [31m[1m^[22m[39m
     [90m 42 |[39m             [36mthrow[39m error[33m;[39m
     [90m 43 |[39m         }
     [90m 44 |[39m     }[0m

      at UserRepository.error [as create] (src/repositories/UserRepository.js:41:21)
      at create (tests/repositories/UserRepository.test.js:41:32)
      at Object.<anonymous> (node_modules/expect/build/toThrowMatchers.js:74:11)
      at Object.throwingMatcher [as toThrow] (node_modules/expect/build/index.js:320:21)
      at Object.toThrow (tests/repositories/UserRepository.test.js:42:16)

  console.log
    Loaded 0 users from storage

      at UserRepository.log [as _loadUsersFromStorage] (src/repositories/UserRepository.js:236:21)

  console.error
    Error creating user: Error: Email 'test@example.com' sudah digunakan
        at UserRepository.create (C:\Users\NJB Project Dev\Downloads\starter-project\starter-project\src\repositories\UserRepository.js:27:23)
        at create (C:\Users\NJB Project Dev\Downloads\starter-project\starter-project\tests\repositories\UserRepository.test.js:57:32)
        at Object.<anonymous> (C:\Users\NJB Project Dev\Downloads\starter-project\starter-project\node_modules\expect\build\toThrowMatchers.js:74:11)
        at Object.throwingMatcher [as toThrow] (C:\Users\NJB Project Dev\Downloads\starter-project\starter-project\node_modules\expect\build\index.js:320:21)
        at Object.toThrow (C:\Users\NJB Project Dev\Downloads\starter-project\starter-project\tests\repositories\UserRepository.test.js:58:16)
        at Promise.then.completed (C:\Users\NJB Project Dev\Downloads\starter-project\starter-project\node_modules\jest-circus\build\utils.js:298:28)
        at new Promise (<anonymous>)
        at callAsyncCircusFn (C:\Users\NJB Project Dev\Downloads\starter-project\starter-project\node_modules\jest-circus\build\utils.js:231:10)
        at _callCircusTest (C:\Users\NJB Project Dev\Downloads\starter-project\starter-project\node_modules\jest-circus\build\run.js:316:40)
        at _runTest (C:\Users\NJB Project Dev\Downloads\starter-project\starter-project\node_modules\jest-circus\build\run.js:252:3)
        at _runTestsForDescribeBlock (C:\Users\NJB Project Dev\Downloads\starter-project\starter-project\node_modules\jest-circus\build\run.js:126:9)
        at _runTestsForDescribeBlock (C:\Users\NJB Project Dev\Downloads\starter-project\starter-project\node_modules\jest-circus\build\run.js:121:9)
        at _runTestsForDescribeBlock (C:\Users\NJB Project Dev\Downloads\starter-project\starter-project\node_modules\jest-circus\build\run.js:121:9)
        at run (C:\Users\NJB Project Dev\Downloads\starter-project\starter-project\node_modules\jest-circus\build\run.js:71:3)
        at runAndTransformResultsToJestFormat (C:\Users\NJB Project Dev\Downloads\starter-project\starter-project\node_modules\jest-circus\build\legacy-code-todo-rewrite\jestAdapterInit.js:122:21)
        at jestAdapter (C:\Users\NJB Project Dev\Downloads\starter-project\starter-project\node_modules\jest-circus\build\legacy-code-todo-rewrite\jestAdapter.js:79:19)
        at runTestInternal (C:\Users\NJB Project Dev\Downloads\starter-project\starter-project\node_modules\jest-runner\build\runTest.js:367:16)
        at runTest (C:\Users\NJB Project Dev\Downloads\starter-project\starter-project\node_modules\jest-runner\build\runTest.js:444:34)

    [0m [90m 39 |[39m             [36mreturn[39m user[33m;[39m
     [90m 40 |[39m         } [36mcatch[39m (error) {
    [31m[1m>[22m[39m[90m 41 |[39m             console[33m.[39merror([32m'Error creating user:'[39m[33m,[39m error)[33m;[39m
     [90m    |[39m                     [31m[1m^[22m[39m
     [90m 42 |[39m             [36mthrow[39m error[33m;[39m
     [90m 43 |[39m         }
     [90m 44 |[39m     }[0m

      at UserRepository.error [as create] (src/repositories/UserRepository.js:41:21)
      at create (tests/repositories/UserRepository.test.js:57:32)
      at Object.<anonymous> (node_modules/expect/build/toThrowMatchers.js:74:11)
      at Object.throwingMatcher [as toThrow] (node_modules/expect/build/index.js:320:21)
      at Object.toThrow (tests/repositories/UserRepository.test.js:58:16)

  console.log
    Loaded 0 users from storage

      at UserRepository.log [as _loadUsersFromStorage] (src/repositories/UserRepository.js:236:21)

  console.log
    Loaded 0 users from storage

      at UserRepository.log [as _loadUsersFromStorage] (src/repositories/UserRepository.js:236:21)

  console.log
    Loaded 0 users from storage

      at UserRepository.log [as _loadUsersFromStorage] (src/repositories/UserRepository.js:236:21)

  console.log
    Loaded 0 users from storage

      at UserRepository.log [as _loadUsersFromStorage] (src/repositories/UserRepository.js:236:21)

  console.log
    Loaded 0 users from storage

      at UserRepository.log [as _loadUsersFromStorage] (src/repositories/UserRepository.js:236:21)

  console.log
    Loaded 0 users from storage

      at UserRepository.log [as _loadUsersFromStorage] (src/repositories/UserRepository.js:236:21)

  console.log
    Loaded 0 users from storage

      at UserRepository.log [as _loadUsersFromStorage] (src/repositories/UserRepository.js:236:21)

  console.log
    Loaded 0 users from storage

      at UserRepository.log [as _loadUsersFromStorage] (src/repositories/UserRepository.js:236:21)

  console.log
    Loaded 0 users from storage

      at UserRepository.log [as _loadUsersFromStorage] (src/repositories/UserRepository.js:236:21)

  console.log
    Loaded 0 users from storage

      at UserRepository.log [as _loadUsersFromStorage] (src/repositories/UserRepository.js:236:21)

  console.log
    Loaded 0 users from storage

      at UserRepository.log [as _loadUsersFromStorage] (src/repositories/UserRepository.js:236:21)

  console.log
    Loaded 0 users from storage

      at UserRepository.log [as _loadUsersFromStorage] (src/repositories/UserRepository.js:236:21)

  console.log
    Loaded 0 users from storage

      at UserRepository.log [as _loadUsersFromStorage] (src/repositories/UserRepository.js:236:21)

PASS tests/repositories/UserRepository.test.js
  UserRepository
    User Creation
      √ should create user successfully (15 ms)
      √ should throw error for duplicate username (43 ms)
      √ should throw error for duplicate email (5 ms)
    User Retrieval
      √ should find user by ID (8 ms)
      √ should return null for non-existent ID (8 ms)
      √ should find user by username (2 ms)
      √ should find user by email (3 ms)
      √ should return all users (4 ms)
      √ should return only active users (3 ms)
    User Updates
      √ should update user profile (3 ms)
      √ should record login (5 ms)
      √ should return null when updating non-existent user (4 ms)
    User Search
      √ should search users by username (2 ms)
      √ should search users by email (4 ms)
      √ should search users by full name (5 ms)
      √ should return empty array for no matches (2 ms)

PASS tests/models/EnhancedTask.test.js
  EnhancedTask Model
    Task Creation
      √ should create task with required properties (19 ms)
      √ should throw error when title is empty (77 ms)
      √ should throw error when ownerId is missing (23 ms)
      √ should set default values correctly (1 ms)
    Task Properties and Computed Values
      √ should calculate isCompleted correctly
      √ should calculate isOverdue correctly (1 ms)
      √ should calculate daysUntilDue correctly (1 ms)
    Task Updates
      √ should update title successfully (1 ms)
      √ should throw error when updating title to empty (1 ms)
      √ should update category successfully
      √ should throw error for invalid category (2 ms)
      √ should add and remove tags (11 ms)
      √ should not add duplicate tags (1 ms)
    Task Serialization
      √ should serialize and deserialize correctly (6 ms)

----------------------------|---------|----------|---------|---------|----------------------------------------------------------------------------------------------------------------------------------
File                        | % Stmts | % Branch | % Funcs | % Lines | Uncovered Line #s                                                                                                                
----------------------------|---------|----------|---------|---------|----------------------------------------------------------------------------------------------------------------------------------
All files                   |   28.34 |     30.3 |   35.19 |   28.63 |                                                                                                                                  
 src                        |       0 |        0 |       0 |       0 |                                                                                                                                  
  app.js                    |       0 |        0 |       0 |       0 | 1-418                                                                                                                            
 src/controllers            |      40 |    43.54 |   37.93 |   40.21 |                                                                                                                                  
  TaskController.js         |   67.27 |     67.5 |   73.33 |   67.27 | 15,70,85,112,127,156,172,197-199,216,231,263-270,287,295,311,326,353,367,381-442,454                                             
  UserController.js         |       0 |        0 |       0 |       0 | 3-362                                                                                                                            
 src/models                 |   66.99 |    65.87 |   62.33 |   66.66 |                                                                                                                                  
  EnhancedTask.js           |   83.18 |    78.48 |   78.04 |   83.63 | 53-55,57,77-78,91-92,140-153,233,241,251                                                                                         
  Task.js                   |       0 |        0 |       0 |       0 | 4-97                                                                                                                             
  User.js                   |   89.36 |       75 |   84.21 |   88.88 | 33,37,42,51,111                                                                                                                  
 src/repositories           |   58.43 |     49.6 |   59.15 |    59.9 |                                                                                                                                  
  TaskRepository.js         |   53.59 |       40 |   52.94 |   55.55 | 35-36,72-128,140,149,152,161,164,167,170,173,176,179,187-188,203,216,233,237,245,249,253-255,260-261,279-306,356-360,366,375,384 
  UserRepository.js         |   66.66 |    72.97 |      75 |   66.66 | 121,127,138-170,206-217,228-232,238,247,256                                                                                      
 src/services               |       0 |        0 |       0 |       0 |                                                                                                                                  
  TaskService.js            |       0 |        0 |       0 |       0 | 3-225                                                                                                                            
 src/utils                  |       0 |        0 |       0 |       0 |                                                                                                                                  
  EnhancedStorageManager.js |       0 |        0 |       0 |       0 | 3-335                                                                                                                            
  StorageManager.js         |       0 |        0 |       0 |       0 | 3-157                                                                                                                            
 src/views                  |       0 |        0 |       0 |       0 |                                                                                                                                  
  TaskView.js               |       0 |        0 |       0 |       0 | 3-460                                                                                                                            
----------------------------|---------|----------|---------|---------|----------------------------------------------------------------------------------------------------------------------------------
Jest: "global" coverage threshold for statements (80%) not met: 28.34%
Jest: "global" coverage threshold for branches (70%) not met: 30.3%
Jest: "global" coverage threshold for lines (80%) not met: 28.63%
Jest: "global" coverage threshold for functions (80%) not met: 35.19%
Test Suites: 4 passed, 4 total
Tests:       59 passed, 59 total
Snapshots:   0 total
Time:        7.404 s
Ran all test suites.
